?   	github.com/gocroot	[no test files]
?   	github.com/gocroot/config	[no test files]
